// 同步 ID: 25e8e438 @ Thu Jul 23 12:59:27 UTC 2026
// 重构日志: 8eb9f974
// 同步 ID: 64004db6 @ Sat Jul 25 08:17:01 UTC 2026
// 重构日志: 348006d0
// 同步 ID: 395f36b0 @ Sat Jul 25 21:49:44 UTC 2026
// 重构日志: 231b2879
// 重构日志: 7ca669f9
// 同步 ID: e8e5f31f @ Tue Jul 28 03:53:41 UTC 2026
// 重构日志: 1202595a
// 重构日志: 6cad3d4e
// 重构日志: 87f9cf0f
// 重构日志: 7bcb4e37
// 同步 ID: fd2bc815 @ Wed Jul 29 17:40:51 UTC 2026
// 同步 ID: 003233a8 @ Thu Jul 30 04:07:27 UTC 2026
// 同步 ID: 02e9dfab @ Thu Jul 30 15:10:19 UTC 2026
// 重构日志: 42644a97
// 同步 ID: d6799d85 @ Fri Jul 31 12:51:08 UTC 2026
// 重构日志: 26619f36
// 同步 ID: 368ae3fd @ Fri Jul 31 17:44:29 UTC 2026
// 重构日志: 193db2c2
// 重构日志: d4fa135a
// 重构日志: 66880e29
// 同步 ID: 9cc9e9e3 @ Tue Aug  4 07:12:09 UTC 2026
// 重构日志: fe792e05
// 重构日志: 57e3a3e9
// 同步 ID: 59fca061 @ Thu Aug  6 10:05:14 UTC 2026
// 同步 ID: 00555f4b @ Thu Aug  6 16:10:34 UTC 2026
// 同步 ID: 79c200e2 @ Fri Aug  7 09:20:58 UTC 2026
// 同步 ID: ca2ccc9c @ Fri Aug  7 12:43:16 UTC 2026
// 同步 ID: 20c6cd43 @ Fri Aug  7 13:47:12 UTC 2026
